
> ai-council-proxy@1.0.0 test
> jest src/synthesis/__tests__/engine.test.ts

FAIL src/synthesis/__tests__/engine.test.ts
  SynthesisEngine
    synthesize
      consensus-extraction strategy
        ΓêÜ should synthesize with full agreement (3 ms)
        ΓêÜ should synthesize with partial agreement
        ΓêÜ should handle empty thread
      weighted-fusion strategy
        ΓêÜ should apply weights correctly (1 ms)
        ΓêÜ should order by weight (highest first)
      meta-synthesis strategy
        ├ù should create meta-synthesis (1 ms)
      multiple rounds
        ΓêÜ should handle multiple deliberation rounds
    selectModerator
      ΓêÜ should select permanent moderator (1 ms)
      ΓêÜ should throw error if permanent moderator not found (6 ms)
      ΓêÜ should rotate moderator selection
      ΓêÜ should select strongest moderator
      ΓêÜ should handle single member
      ΓêÜ should throw error with no members
      ΓêÜ should handle unknown model in strongest selection (1 ms)
    agreement level calculation
      ΓêÜ should calculate high agreement for similar content
      ΓêÜ should calculate low agreement for different content (1 ms)

  ΓùÅ SynthesisEngine ΓÇ║ synthesize ΓÇ║ meta-synthesis strategy ΓÇ║ should create meta-synthesis

    expect(received).toContain(expected) // indexOf

    Expected substring: "Meta-synthesis"
    Received string:    "Synthesized content"

      203 |         const result = await engine.synthesize(thread, strategy);
      204 |
    > 205 |         expect(result.content).toContain('Meta-synthesis');
          |                                ^
      206 |         expect(result.content).toContain('member1');
      207 |         expect(result.content).toContain('member2');
      208 |         expect(result.content).toContain('member3');

      at Object.<anonymous> (src/synthesis/__tests__/engine.test.ts:205:32)

Test Suites: 1 failed, 1 total
Tests:       1 failed, 15 passed, 16 total
Snapshots:   0 total
Time:        1.296 s, estimated 2 s
Ran all test suites matching /src\\synthesis\\__tests__\\engine.test.ts/i.
